Warning: Option 'VICO' is not parsed by Ippl.
> Spacing Error ErrorEx ErrorEy ErrorEz
> 0.25 0.9948059296399619 0.9967671637112611 0.996767163711261 0.9967671637112611
> 0.125 0.2433765361633155 0.4549151699608542 0.4549151699608541 0.4549151699608542
> 0.0625 0.0002889522144478594 0.01861181163792959 0.01861181163792962 0.01861181163792961
> 0.03125 1.174356936191566e-09 5.811484600184447e-07 5.811484600204446e-07 5.811484600144414e-07
> 0.015625 3.600772375831942e-15 2.832025508860429e-15 2.837671234105757e-15 2.820136206790142e-15
> 0.0078125 3.119395562737834e-14 1.075945587090143e-14 1.077778468176355e-14 1.079058329755171e-14
