Warning: Option 'VICO' is not parsed by Ippl.
Warning: Option 'DOUBLE' is not parsed by Ippl.
{0}> Spacing Error ErrorEx ErrorDxx ErrorDxy
{0}> 0.25 0.9948059296399619 0.9967671637112611 0.9943942630263264 0.999090243591115
{0}> 0.125 0.2433765361633155 0.454915169960854 0.16196881998978 0.7582495457685356
{0}> 0.0625 0.0002889522144478644 0.0186118116379296 0.002357700087401381 0.04907859243988955
{0}> 0.03125 1.174356938290176e-09 5.81148460018368e-07 1.760059571849281e-08 1.645556256131658e-06
{0}> 0.015625 3.619539327469704e-15 2.838436232818387e-15 2.280003840284386e-15 4.277268216110062e-15
{0}> 0.0078125 3.120524413782411e-14 1.077880837621585e-14 8.34279282994976e-15 5.157780259721276e-15
