Warning: Option 'HOCKNEY' is not parsed by Ippl.
Warning: Option 'DOUBLE' is not parsed by Ippl.
{0}> Spacing Error ErrorEx ErrorDxx ErrorDxy
{0}> 0.25 0.9954200071091137 0.9986417059820205 0.9989581868736506 1.000095129729641
{0}> 0.125 0.3013269357499349 0.7508364127190547 0.8652960427885387 1.029392422073675
{0}> 0.0625 0.05281116079076877 0.3024289005995597 0.5841289702730814 0.610116718070094
{0}> 0.03125 0.01378314255797178 0.08052796496843537 0.1654575756663893 0.1657329371061569
{0}> 0.015625 0.003489811209812663 0.02048590401579164 0.0423065560620049 0.04235007121487501
{0}> 0.0078125 0.0008764090082074036 0.005150608932784308 0.01064932094906976 0.01065986978593506
