{0}> Spacing Error ErrorEx ErrorEy ErrorEz
{0}> 0.25 0.9943099151836909 0.9952322769472793 0.9952322769472793 0.9952322769472793
{0}> 0.125 0.229332748659175 0.2466317775133583 0.2466317775133588 0.2466317775133574
{0}> 0.0625 2.732074301331062e-05 0.001610506921960198 0.001610506921959523 0.001610506921959903
{0}> 0.03125 8.689070702680694e-10 1.423924708714121e-07 1.423924708019924e-07 1.423924707809925e-07
{0}> 0.015625 7.02133301383833e-15 3.68210387122379e-14 3.766248398078899e-14 3.678388050836236e-14
{0}> 0.0078125 2.600923048855223e-13 2.678476714315478e-13 2.679546292220989e-13 2.682712625277725e-13
