Warning: Option 'HOCKNEY' is not parsed by Ippl.
> Spacing Error ErrorEx ErrorEy ErrorEz
> 0.25 0.9954200071091137 0.9986417059820205 0.9986417059820205 0.9986417059820205
> 0.125 0.3013269357499349 0.7508364127190548 0.7508364127190548 0.7508364127190549
> 0.0625 0.05281116079076869 0.3024289005995596 0.3024289005995598 0.3024289005995597
> 0.03125 0.01378314255797175 0.08052796496843553 0.08052796496843546 0.08052796496843545
> 0.015625 0.003489811209812644 0.02048590401579161 0.02048590401579161 0.02048590401579163
> 0.0078125 0.0008764090082074209 0.005150608932784529 0.005150608932784507 0.005150608932784491
