Spacing Error
0.15 0.0306431061864614
0.075 0.001826335671270579
0.0375 0.001463864890912725
0.01875 0.0002513497106918682
