Spacing Error
0.15 0.02463828802928514
0.075 0.002199221319256138
0.0375 0.001760829381495409
0.01875 0.0001381715148726087
